// Jest Snapshot v1, https://goo.gl/fbAQLP

exports[`Renders the SpellCard given a single spell as props 1`] = `ShallowWrapper {}`;
