// Jest Snapshot v1, https://goo.gl/fbAQLP

exports[`Renders the SpellSearchBar 1`] = `ShallowWrapper {}`;
